// Jest Snapshot v1, https://goo.gl/fbAQLP

exports[`if Ops screen still the same 1`] = `null`;
